2026-08-28 14:33:20,463 INFO    mediaaut.core.net: telechargement kokoro-v1.0.onnx
2026-08-28 14:33:24,706 INFO    mediaaut.core.net: kokoro-v1.0.onnx pret (325.5 Mo)
2026-08-28 14:33:24,706 INFO    mediaaut.core.net: telechargement voices-v1.0.bin
2026-08-28 14:33:25,613 INFO    mediaaut.core.net: voices-v1.0.bin pret (28.2 Mo)
2026-08-28 14:33:25,616 INFO    mediaaut.voice.kokoro: chargement du modele Kokoro
2026-08-28 14:33:26,939 WARNING phonemizer: words count mismatch on 100.0% of the lines (1/1)
2026-08-28 14:33:29,298 INFO    mediaaut.voice.kokoro: voix generee : 9.1s, 0 mots dates, voix=am_michael
2026-08-28 14:35:36,843 INFO    mediaaut.voice.kokoro: chargement du modele Kokoro
2026-08-28 14:36:17,365 INFO    mediaaut.subtitles.transcribe: chargement de Whisper small sur cuda
2026-08-28 14:36:18,808 INFO    faster_whisper: Processing audio with duration 00:09.109
2026-08-28 14:36:18,989 INFO    faster_whisper: VAD filter removed 00:00.000 of audio
2026-08-28 14:36:19,549 INFO    mediaaut.subtitles.transcribe: transcription : 23 mots, 3 segments, langue=en, 8.6s
2026-08-28 14:39:08,761 INFO    mediaaut.core.net: telechargement Anton-Regular.ttf
2026-08-28 14:39:09,136 INFO    mediaaut.core.net: Anton-Regular.ttf pret (0.2 Mo)
2026-08-28 14:39:09,141 INFO    mediaaut.core.net: telechargement BebasNeue-Regular.ttf
2026-08-28 14:39:09,443 INFO    mediaaut.core.net: BebasNeue-Regular.ttf pret (0.1 Mo)
2026-08-28 14:39:09,444 INFO    mediaaut.core.net: telechargement Poppins-ExtraBold.ttf
2026-08-28 14:39:09,765 INFO    mediaaut.core.net: Poppins-ExtraBold.ttf pret (0.2 Mo)
2026-08-28 14:41:50,593 INFO    mediaaut.voice.kokoro: chargement du modele Kokoro
2026-08-28 14:41:51,762 WARNING phonemizer: words count mismatch on 100.0% of the lines (1/1)
2026-08-28 14:41:54,085 INFO    mediaaut.voice.kokoro: voix generee : 9.1s, voix=am_michael
2026-08-28 14:41:54,451 INFO    mediaaut.subtitles.transcribe: chargement de Whisper small sur cuda
2026-08-28 14:41:56,146 INFO    faster_whisper: Processing audio with duration 00:09.109
2026-08-28 14:41:56,176 INFO    faster_whisper: VAD filter removed 00:00.000 of audio
2026-08-28 14:41:56,767 INFO    mediaaut.subtitles.transcribe: transcription : 23 mots, 3 segments, langue=en, 8.6s
2026-08-28 14:41:56,898 INFO    mediaaut.render.compose: rendu short.mp4 : 9.1s, template=bold_center, 1 plan(s)
2026-08-28 14:41:58,231 INFO    mediaaut.render.compose: rendu termine : C:\Users\mael2\OneDrive\Documents\media-aut\data\out\_e2e_test\short.mp4 (1.0 Mo)
2026-08-28 14:43:34,782 INFO    mediaaut.voice.kokoro: chargement du modele Kokoro
2026-08-28 14:43:35,910 WARNING phonemizer: words count mismatch on 100.0% of the lines (1/1)
2026-08-28 14:43:38,155 INFO    mediaaut.voice.kokoro: voix generee : 9.1s, voix=am_michael
2026-08-28 14:43:38,536 INFO    mediaaut.subtitles.transcribe: chargement de Whisper small sur cuda
2026-08-28 14:43:40,257 INFO    faster_whisper: Processing audio with duration 00:09.109
2026-08-28 14:43:40,283 INFO    faster_whisper: VAD filter removed 00:00.000 of audio
2026-08-28 14:43:40,967 INFO    mediaaut.subtitles.transcribe: transcription : 23 mots, 3 segments, langue=en, 8.6s
2026-08-28 14:43:41,106 INFO    mediaaut.render.compose: rendu short.mp4 : 9.1s, template=bold_center, 1 plan(s)
2026-08-28 14:43:42,404 INFO    mediaaut.render.compose: rendu termine : C:\Users\mael2\OneDrive\Documents\media-aut\data\out\ai-builders-en-20260828-144334\short.mp4 (1.0 Mo)
2026-08-28 14:43:44,033 INFO    mediaaut.voice.kokoro: chargement du modele Kokoro
2026-08-28 14:43:45,288 WARNING phonemizer: words count mismatch on 100.0% of the lines (1/1)
2026-08-28 14:43:47,792 INFO    mediaaut.voice.kokoro: voix generee : 9.1s, voix=am_michael
2026-08-28 14:43:48,177 INFO    mediaaut.subtitles.transcribe: chargement de Whisper small sur cuda
2026-08-28 14:43:49,483 INFO    faster_whisper: Processing audio with duration 00:09.109
2026-08-28 14:43:49,499 INFO    faster_whisper: VAD filter removed 00:00.000 of audio
2026-08-28 14:43:50,017 INFO    mediaaut.subtitles.transcribe: transcription : 23 mots, 3 segments, langue=en, 8.6s
2026-08-28 14:43:50,113 INFO    mediaaut.render.compose: rendu short.mp4 : 9.1s, template=side_caption, 1 plan(s)
2026-08-28 14:43:51,655 INFO    mediaaut.render.compose: rendu termine : C:\Users\mael2\OneDrive\Documents\media-aut\data\out\ai-builders-en-20260828-144343\short.mp4 (1.3 Mo)
2026-08-28 14:43:52,964 INFO    mediaaut.voice.kokoro: chargement du modele Kokoro
2026-08-28 14:43:54,164 WARNING phonemizer: words count mismatch on 100.0% of the lines (1/1)
2026-08-28 14:43:56,237 INFO    mediaaut.voice.kokoro: voix generee : 9.1s, voix=am_michael
2026-08-28 14:43:56,624 INFO    mediaaut.subtitles.transcribe: chargement de Whisper small sur cuda
2026-08-28 14:43:57,789 INFO    faster_whisper: Processing audio with duration 00:09.109
2026-08-28 14:43:57,806 INFO    faster_whisper: VAD filter removed 00:00.000 of audio
2026-08-28 14:43:58,326 INFO    mediaaut.subtitles.transcribe: transcription : 23 mots, 3 segments, langue=en, 8.6s
2026-08-28 14:43:58,452 INFO    mediaaut.render.compose: rendu short.mp4 : 9.1s, template=split_top, 1 plan(s)
2026-08-28 14:43:59,707 INFO    mediaaut.render.compose: rendu termine : C:\Users\mael2\OneDrive\Documents\media-aut\data\out\ai-builders-en-20260828-144352\short.mp4 (0.9 Mo)
2026-08-28 14:47:06,651 INFO    mediaaut.voice.kokoro: chargement du modele Kokoro
2026-08-28 14:47:07,808 WARNING phonemizer: words count mismatch on 100.0% of the lines (1/1)
2026-08-28 14:47:10,268 INFO    mediaaut.voice.kokoro: voix generee : 9.1s, voix=am_michael
2026-08-28 14:47:10,679 INFO    mediaaut.subtitles.transcribe: chargement de Whisper small sur cuda
2026-08-28 14:47:12,316 INFO    faster_whisper: Processing audio with duration 00:09.109
2026-08-28 14:47:12,338 INFO    faster_whisper: VAD filter removed 00:00.000 of audio
2026-08-28 14:47:12,980 INFO    mediaaut.subtitles.transcribe: transcription : 23 mots, 3 segments, langue=en, 8.6s
2026-08-28 14:47:13,158 INFO    mediaaut.render.compose: rendu short.mp4 : 9.1s, template=bold_center, 1 plan(s)
2026-08-28 14:47:14,501 INFO    mediaaut.render.compose: rendu termine : C:\Users\mael2\OneDrive\Documents\media-aut\data\out\ai-builders-en-20260828-144706\short.mp4 (1.1 Mo)
2026-08-28 14:47:15,858 INFO    mediaaut.voice.kokoro: chargement du modele Kokoro
2026-08-28 14:47:17,065 WARNING phonemizer: words count mismatch on 100.0% of the lines (1/1)
2026-08-28 14:47:19,398 INFO    mediaaut.voice.kokoro: voix generee : 9.1s, voix=am_michael
2026-08-28 14:47:19,778 INFO    mediaaut.subtitles.transcribe: chargement de Whisper small sur cuda
2026-08-28 14:47:21,475 INFO    faster_whisper: Processing audio with duration 00:09.109
2026-08-28 14:47:21,503 INFO    faster_whisper: VAD filter removed 00:00.000 of audio
2026-08-28 14:47:22,144 INFO    mediaaut.subtitles.transcribe: transcription : 23 mots, 3 segments, langue=en, 8.6s
2026-08-28 14:47:22,275 INFO    mediaaut.render.compose: rendu short.mp4 : 9.1s, template=side_caption, 1 plan(s)
2026-08-28 14:47:23,493 INFO    mediaaut.render.compose: rendu termine : C:\Users\mael2\OneDrive\Documents\media-aut\data\out\ai-builders-en-20260828-144715\short.mp4 (0.6 Mo)
2026-08-28 14:47:24,867 INFO    mediaaut.voice.kokoro: chargement du modele Kokoro
2026-08-28 14:47:26,002 WARNING phonemizer: words count mismatch on 100.0% of the lines (1/1)
2026-08-28 14:47:28,257 INFO    mediaaut.voice.kokoro: voix generee : 9.1s, voix=am_michael
2026-08-28 14:47:28,610 INFO    mediaaut.subtitles.transcribe: chargement de Whisper small sur cuda
2026-08-28 14:47:30,149 INFO    faster_whisper: Processing audio with duration 00:09.109
2026-08-28 14:47:30,174 INFO    faster_whisper: VAD filter removed 00:00.000 of audio
2026-08-28 14:47:30,841 INFO    mediaaut.subtitles.transcribe: transcription : 23 mots, 3 segments, langue=en, 8.6s
2026-08-28 14:47:31,002 INFO    mediaaut.render.compose: rendu short.mp4 : 9.1s, template=split_top, 1 plan(s)
2026-08-28 14:47:32,264 INFO    mediaaut.render.compose: rendu termine : C:\Users\mael2\OneDrive\Documents\media-aut\data\out\ai-builders-en-20260828-144724\short.mp4 (0.8 Mo)
2026-08-28 14:50:23,552 INFO    mediaaut.subtitles.metrics: police Anton calibree : facteur 0.5752
2026-08-28 14:50:23,635 INFO    mediaaut.subtitles.metrics: police Poppins ExtraBold calibree : facteur 0.5622
2026-08-28 14:51:22,865 INFO    mediaaut.subtitles.metrics: police Anton calibree : largeur 0.5752, hauteur 0.5100
2026-08-28 14:51:22,944 INFO    mediaaut.subtitles.metrics: police Poppins ExtraBold calibree : largeur 0.5622, hauteur 0.4300
2026-08-28 14:51:35,542 INFO    mediaaut.voice.kokoro: chargement du modele Kokoro
2026-08-28 14:51:36,793 WARNING phonemizer: words count mismatch on 100.0% of the lines (1/1)
2026-08-28 14:51:38,916 INFO    mediaaut.voice.kokoro: voix generee : 9.1s, voix=am_michael
2026-08-28 14:51:39,303 INFO    mediaaut.subtitles.transcribe: chargement de Whisper small sur cuda
2026-08-28 14:51:40,572 INFO    faster_whisper: Processing audio with duration 00:09.109
2026-08-28 14:51:40,585 INFO    faster_whisper: VAD filter removed 00:00.000 of audio
2026-08-28 14:51:41,094 INFO    mediaaut.subtitles.transcribe: transcription : 23 mots, 3 segments, langue=en, 8.6s
2026-08-28 14:51:41,229 INFO    mediaaut.render.compose: rendu short.mp4 : 9.1s, template=bold_center, 1 plan(s)
2026-08-28 14:51:43,112 INFO    mediaaut.render.compose: rendu termine : C:\Users\mael2\OneDrive\Documents\media-aut\data\out\ai-builders-en-20260828-145135\short.mp4 (1.4 Mo)
2026-08-28 14:51:44,557 INFO    mediaaut.voice.kokoro: chargement du modele Kokoro
2026-08-28 14:51:45,857 WARNING phonemizer: words count mismatch on 100.0% of the lines (1/1)
2026-08-28 14:51:48,147 INFO    mediaaut.voice.kokoro: voix generee : 9.1s, voix=am_michael
2026-08-28 14:51:48,563 INFO    mediaaut.subtitles.transcribe: chargement de Whisper small sur cuda
2026-08-28 14:51:49,914 INFO    faster_whisper: Processing audio with duration 00:09.109
2026-08-28 14:51:49,934 INFO    faster_whisper: VAD filter removed 00:00.000 of audio
2026-08-28 14:51:50,482 INFO    mediaaut.subtitles.transcribe: transcription : 23 mots, 3 segments, langue=en, 8.6s
2026-08-28 14:51:50,619 INFO    mediaaut.render.compose: rendu short.mp4 : 9.1s, template=side_caption, 1 plan(s)
2026-08-28 14:51:52,094 INFO    mediaaut.render.compose: rendu termine : C:\Users\mael2\OneDrive\Documents\media-aut\data\out\ai-builders-en-20260828-145144\short.mp4 (1.1 Mo)
2026-08-28 14:51:53,513 INFO    mediaaut.voice.kokoro: chargement du modele Kokoro
2026-08-28 14:51:54,690 WARNING phonemizer: words count mismatch on 100.0% of the lines (1/1)
2026-08-28 14:51:56,886 INFO    mediaaut.voice.kokoro: voix generee : 9.1s, voix=am_michael
2026-08-28 14:51:57,266 INFO    mediaaut.subtitles.transcribe: chargement de Whisper small sur cuda
2026-08-28 14:51:58,531 INFO    faster_whisper: Processing audio with duration 00:09.109
2026-08-28 14:51:58,548 INFO    faster_whisper: VAD filter removed 00:00.000 of audio
2026-08-28 14:51:59,056 INFO    mediaaut.subtitles.transcribe: transcription : 23 mots, 3 segments, langue=en, 8.6s
2026-08-28 14:51:59,185 INFO    mediaaut.render.compose: rendu short.mp4 : 9.1s, template=split_top, 1 plan(s)
2026-08-28 14:52:00,489 INFO    mediaaut.render.compose: rendu termine : C:\Users\mael2\OneDrive\Documents\media-aut\data\out\ai-builders-en-20260828-145153\short.mp4 (0.9 Mo)
